// Jest Snapshot v1, https://goo.gl/fbAQLP

exports[`matches snapshot 1`] = `
<DocumentFragment>
  <div>
    <div
      style="background-color: grey; height: 10em; width: 10em;"
    />
    <button>
      X
    </button>
  </div>
</DocumentFragment>
`;
